[INFO] Scanning for projects...
[INFO] 
[INFO] -------------------< com.salon:salon-saas-backend-1 >-------------------
[INFO] Building salon-saas-backend-1 0.0.1-SNAPSHOT
[INFO]   from pom.xml
[INFO] --------------------------------[ jar ]---------------------------------
[INFO] 
[INFO] --- clean:3.5.0:clean (default-clean) @ salon-saas-backend-1 ---
[INFO] Deleting D:\projects\salon-saas-backend-1\target
[INFO] 
[INFO] --- resources:3.3.1:resources (default-resources) @ salon-saas-backend-1 ---
[INFO] Copying 3 resources from src\main\resources to target\classes
[INFO] Copying 2 resources from src\main\resources to target\classes
[INFO] 
[INFO] --- compiler:3.14.1:compile (default-compile) @ salon-saas-backend-1 ---
[INFO] Recompiling the module because of changed source code.
[INFO] Compiling 124 source files with javac [debug parameters release 20] to target\classes
[INFO] /D:/projects/salon-saas-backend-1/src/main/java/com/salon/config/RateLimitConfig.java: Some input files use or override a deprecated API.
[INFO] /D:/projects/salon-saas-backend-1/src/main/java/com/salon/config/RateLimitConfig.java: Recompile with -Xlint:deprecation for details.
[INFO] /D:/projects/salon-saas-backend-1/src/main/java/com/salon/security/JwtAuthFilter.java: D:\projects\salon-saas-backend-1\src\main\java\com\salon\security\JwtAuthFilter.java uses unchecked or unsafe operations.
[INFO] /D:/projects/salon-saas-backend-1/src/main/java/com/salon/security/JwtAuthFilter.java: Recompile with -Xlint:unchecked for details.
[INFO] Some messages have been simplified; recompile with -Xdiags:verbose to get full output
[INFO] -------------------------------------------------------------
[ERROR] COMPILATION ERROR : 
[INFO] -------------------------------------------------------------
[ERROR] /D:/projects/salon-saas-backend-1/src/main/java/com/salon/service/UserService.java:[52,27] cannot find symbol
  symbol:   method existsByEmailAndSalonId(java.lang.String,java.lang.Long)
  location: variable userRepository of type com.salon.repository.UserRepository
[ERROR] /D:/projects/salon-saas-backend-1/src/main/java/com/salon/service/UserService.java:[64,17] cannot find symbol
  symbol:   method setSalon(com.salon.entity.Salon)
  location: variable customer of type com.salon.entity.User
[ERROR] /D:/projects/salon-saas-backend-1/src/main/java/com/salon/service/UserService.java:[80,27] cannot find symbol
  symbol:   method existsByEmailAndSalonId(java.lang.String,java.lang.Long)
  location: variable userRepository of type com.salon.repository.UserRepository
[ERROR] /D:/projects/salon-saas-backend-1/src/main/java/com/salon/service/UserService.java:[92,17] cannot find symbol
  symbol:   method setSalon(com.salon.entity.Salon)
  location: variable customer of type com.salon.entity.User
[ERROR] /D:/projects/salon-saas-backend-1/src/main/java/com/salon/service/UserService.java:[121,27] cannot find symbol
  symbol:   method existsByEmailAndSalonId(java.lang.String,java.lang.Long)
  location: variable userRepository of type com.salon.repository.UserRepository
[ERROR] /D:/projects/salon-saas-backend-1/src/main/java/com/salon/service/UserService.java:[132,14] cannot find symbol
  symbol:   method setSalon(com.salon.entity.Salon)
  location: variable admin of type com.salon.entity.User
[ERROR] /D:/projects/salon-saas-backend-1/src/main/java/com/salon/service/UserService.java:[153,39] cannot find symbol
  symbol:   method findByEmailAndSalon(java.lang.String,com.salon.entity.Salon)
  location: variable userRepository of type com.salon.repository.UserRepository
[ERROR] /D:/projects/salon-saas-backend-1/src/main/java/com/salon/service/UserService.java:[181,39] cannot find symbol
  symbol:   method findByEmailAndSalon(java.lang.String,com.salon.entity.Salon)
  location: variable userRepository of type com.salon.repository.UserRepository
[ERROR] /D:/projects/salon-saas-backend-1/src/main/java/com/salon/service/UserService.java:[202,17] cannot find symbol
  symbol:   method getSalon()
  location: variable user of type com.salon.entity.User
[ERROR] /D:/projects/salon-saas-backend-1/src/main/java/com/salon/service/UserService.java:[270,27] cannot find symbol
  symbol:   method existsByEmailAndSalonId(java.lang.String,java.lang.Long)
  location: variable userRepository of type com.salon.repository.UserRepository
[ERROR] /D:/projects/salon-saas-backend-1/src/main/java/com/salon/service/UserService.java:[280,13] cannot find symbol
  symbol:   method setSalon(com.salon.entity.Salon)
  location: variable user of type com.salon.entity.User
[ERROR] /D:/projects/salon-saas-backend-1/src/main/java/com/salon/service/ServiceService.java:[47,16] cannot find symbol
  symbol:   method setSalon(com.salon.entity.Salon)
  location: variable service of type com.salon.entity.Service
[ERROR] /D:/projects/salon-saas-backend-1/src/main/java/com/salon/service/ServiceService.java:[68,33] cannot find symbol
  symbol:   method findBySalon_IdAndActiveTrue(java.lang.Long)
  location: variable serviceRepository of type com.salon.repository.ServiceRepository
[ERROR] /D:/projects/salon-saas-backend-1/src/main/java/com/salon/service/ServiceService.java:[82,33] cannot find symbol
  symbol:   method findBySalon_IdAndActiveTrue(java.lang.Long,org.springframework.data.domain.Pageable)
  location: variable serviceRepository of type com.salon.repository.ServiceRepository
[ERROR] /D:/projects/salon-saas-backend-1/src/main/java/com/salon/service/ServiceService.java:[95,44] cannot find symbol
  symbol:   method findByIdAndSalonId(java.lang.Long,java.lang.Long)
  location: variable serviceRepository of type com.salon.repository.ServiceRepository
[ERROR] /D:/projects/salon-saas-backend-1/src/main/java/com/salon/service/BookingService.java:[61,17] cannot find symbol
  symbol:   method findByIdAndSalonId(java.lang.Long,java.lang.Long)
  location: variable serviceRepository of type com.salon.repository.ServiceRepository
[ERROR] /D:/projects/salon-saas-backend-1/src/main/java/com/salon/service/BookingService.java:[67,16] cannot find symbol
  symbol:   method setSalon(com.salon.entity.Salon)
  location: variable booking of type com.salon.entity.Booking
[ERROR] /D:/projects/salon-saas-backend-1/src/main/java/com/salon/service/ProductService.java:[39,16] cannot find symbol
  symbol:   method setSalon(com.salon.entity.Salon)
  location: variable product of type com.salon.entity.Product
[ERROR] /D:/projects/salon-saas-backend-1/src/main/java/com/salon/service/ProductService.java:[58,17] cannot find symbol
  symbol:   method findBySalon_IdAndActiveTrue(java.lang.Long,org.springframework.data.domain.Pageable)
  location: variable productRepository of type com.salon.repository.ProductRepository
[ERROR] /D:/projects/salon-saas-backend-1/src/main/java/com/salon/service/ProductService.java:[72,44] cannot find symbol
  symbol:   method findByIdAndSalon_Id(java.lang.Long,java.lang.Long)
  location: variable productRepository of type com.salon.repository.ProductRepository
[ERROR] /D:/projects/salon-saas-backend-1/src/main/java/com/salon/service/BillingService.java:[59,16] cannot find symbol
  symbol:   method setSalon(com.salon.entity.Salon)
  location: variable invoice of type com.salon.entity.Invoice
[ERROR] /D:/projects/salon-saas-backend-1/src/main/java/com/salon/service/BillingService.java:[93,25] cannot find symbol
  symbol:   method findByIdAndSalonId(java.lang.Long,java.lang.Long)
  location: variable serviceRepository of type com.salon.repository.ServiceRepository
[ERROR] /D:/projects/salon-saas-backend-1/src/main/java/com/salon/service/BillingService.java:[104,25] cannot find symbol
  symbol:   method findByIdAndSalon_Id(java.lang.Long,java.lang.Long)
  location: variable productRepository of type com.salon.repository.ProductRepository
[ERROR] /D:/projects/salon-saas-backend-1/src/main/java/com/salon/service/DashboardService.java:[80,50] incompatible types: java.lang.Long cannot be converted to java.lang.String
[ERROR] /D:/projects/salon-saas-backend-1/src/main/java/com/salon/controller/AuthController.java:[66,22] cannot find symbol
  symbol:   method getSalon()
  location: variable admin of type com.salon.entity.User
[ERROR] /D:/projects/salon-saas-backend-1/src/main/java/com/salon/controller/AuthController.java:[93,25] cannot find symbol
  symbol:   method getSalon()
  location: variable customer of type com.salon.entity.User
[ERROR] /D:/projects/salon-saas-backend-1/src/main/java/com/salon/controller/AuthController.java:[151,21] cannot find symbol
  symbol:   method getSalon()
  location: variable user of type com.salon.entity.User
[ERROR] /D:/projects/salon-saas-backend-1/src/main/java/com/salon/controller/AuthController.java:[151,48] cannot find symbol
  symbol:   method getSalon()
  location: variable user of type com.salon.entity.User
[ERROR] /D:/projects/salon-saas-backend-1/src/main/java/com/salon/controller/AuthController.java:[161,32] cannot find symbol
  symbol:   method getSalon()
  location: variable user of type com.salon.entity.User
[ERROR] /D:/projects/salon-saas-backend-1/src/main/java/com/salon/controller/AuthController.java:[161,58] cannot find symbol
  symbol:   method getSalon()
  location: variable user of type com.salon.entity.User
[ERROR] /D:/projects/salon-saas-backend-1/src/main/java/com/salon/service/BotService.java:[86,25] cannot find symbol
  symbol:   method findBySalon_IdAndActiveTrue(java.lang.Long)
  location: variable productRepository of type com.salon.repository.ProductRepository
[ERROR] /D:/projects/salon-saas-backend-1/src/main/java/com/salon/controller/CustomerController.java:[72,33] cannot find symbol
  symbol:   method getSalon()
  location: variable customer of type com.salon.entity.User
[ERROR] /D:/projects/salon-saas-backend-1/src/main/java/com/salon/controller/PaymentController.java:[92,12] cannot find symbol
  symbol:   method setSalon(com.salon.entity.Salon)
  location: variable sub of type com.salon.entity.SalonSubscription
[ERROR] /D:/projects/salon-saas-backend-1/src/main/java/com/salon/controller/SuperAdminController.java:[44,23] cannot find symbol
  symbol:   method approveAdminsBySalon(com.salon.entity.Salon)
  location: variable userRepository of type com.salon.repository.UserRepository
[INFO] 34 errors 
[INFO] -------------------------------------------------------------
[INFO] ------------------------------------------------------------------------
[INFO] BUILD FAILURE
[INFO] ------------------------------------------------------------------------
[INFO] Total time:  11.733 s
[INFO] Finished at: 2026-03-20T20:56:49+05:30
[INFO] ------------------------------------------------------------------------
[ERROR] Failed to execute goal org.apache.maven.plugins:maven-compiler-plugin:3.14.1:compile (default-compile) on project salon-saas-backend-1: Compilation failure: Compilation failure: 
[ERROR] /D:/projects/salon-saas-backend-1/src/main/java/com/salon/service/UserService.java:[52,27] cannot find symbol
[ERROR]   symbol:   method existsByEmailAndSalonId(java.lang.String,java.lang.Long)
[ERROR]   location: variable userRepository of type com.salon.repository.UserRepository
[ERROR] /D:/projects/salon-saas-backend-1/src/main/java/com/salon/service/UserService.java:[64,17] cannot find symbol
[ERROR]   symbol:   method setSalon(com.salon.entity.Salon)
[ERROR]   location: variable customer of type com.salon.entity.User
[ERROR] /D:/projects/salon-saas-backend-1/src/main/java/com/salon/service/UserService.java:[80,27] cannot find symbol
[ERROR]   symbol:   method existsByEmailAndSalonId(java.lang.String,java.lang.Long)
[ERROR]   location: variable userRepository of type com.salon.repository.UserRepository
[ERROR] /D:/projects/salon-saas-backend-1/src/main/java/com/salon/service/UserService.java:[92,17] cannot find symbol
[ERROR]   symbol:   method setSalon(com.salon.entity.Salon)
[ERROR]   location: variable customer of type com.salon.entity.User
[ERROR] /D:/projects/salon-saas-backend-1/src/main/java/com/salon/service/UserService.java:[121,27] cannot find symbol
[ERROR]   symbol:   method existsByEmailAndSalonId(java.lang.String,java.lang.Long)
[ERROR]   location: variable userRepository of type com.salon.repository.UserRepository
[ERROR] /D:/projects/salon-saas-backend-1/src/main/java/com/salon/service/UserService.java:[132,14] cannot find symbol
[ERROR]   symbol:   method setSalon(com.salon.entity.Salon)
[ERROR]   location: variable admin of type com.salon.entity.User
[ERROR] /D:/projects/salon-saas-backend-1/src/main/java/com/salon/service/UserService.java:[153,39] cannot find symbol
[ERROR]   symbol:   method findByEmailAndSalon(java.lang.String,com.salon.entity.Salon)
[ERROR]   location: variable userRepository of type com.salon.repository.UserRepository
[ERROR] /D:/projects/salon-saas-backend-1/src/main/java/com/salon/service/UserService.java:[181,39] cannot find symbol
[ERROR]   symbol:   method findByEmailAndSalon(java.lang.String,com.salon.entity.Salon)
[ERROR]   location: variable userRepository of type com.salon.repository.UserRepository
[ERROR] /D:/projects/salon-saas-backend-1/src/main/java/com/salon/service/UserService.java:[202,17] cannot find symbol
[ERROR]   symbol:   method getSalon()
[ERROR]   location: variable user of type com.salon.entity.User
[ERROR] /D:/projects/salon-saas-backend-1/src/main/java/com/salon/service/UserService.java:[270,27] cannot find symbol
[ERROR]   symbol:   method existsByEmailAndSalonId(java.lang.String,java.lang.Long)
[ERROR]   location: variable userRepository of type com.salon.repository.UserRepository
[ERROR] /D:/projects/salon-saas-backend-1/src/main/java/com/salon/service/UserService.java:[280,13] cannot find symbol
[ERROR]   symbol:   method setSalon(com.salon.entity.Salon)
[ERROR]   location: variable user of type com.salon.entity.User
[ERROR] /D:/projects/salon-saas-backend-1/src/main/java/com/salon/service/ServiceService.java:[47,16] cannot find symbol
[ERROR]   symbol:   method setSalon(com.salon.entity.Salon)
[ERROR]   location: variable service of type com.salon.entity.Service
[ERROR] /D:/projects/salon-saas-backend-1/src/main/java/com/salon/service/ServiceService.java:[68,33] cannot find symbol
[ERROR]   symbol:   method findBySalon_IdAndActiveTrue(java.lang.Long)
[ERROR]   location: variable serviceRepository of type com.salon.repository.ServiceRepository
[ERROR] /D:/projects/salon-saas-backend-1/src/main/java/com/salon/service/ServiceService.java:[82,33] cannot find symbol
[ERROR]   symbol:   method findBySalon_IdAndActiveTrue(java.lang.Long,org.springframework.data.domain.Pageable)
[ERROR]   location: variable serviceRepository of type com.salon.repository.ServiceRepository
[ERROR] /D:/projects/salon-saas-backend-1/src/main/java/com/salon/service/ServiceService.java:[95,44] cannot find symbol
[ERROR]   symbol:   method findByIdAndSalonId(java.lang.Long,java.lang.Long)
[ERROR]   location: variable serviceRepository of type com.salon.repository.ServiceRepository
[ERROR] /D:/projects/salon-saas-backend-1/src/main/java/com/salon/service/BookingService.java:[61,17] cannot find symbol
[ERROR]   symbol:   method findByIdAndSalonId(java.lang.Long,java.lang.Long)
[ERROR]   location: variable serviceRepository of type com.salon.repository.ServiceRepository
[ERROR] /D:/projects/salon-saas-backend-1/src/main/java/com/salon/service/BookingService.java:[67,16] cannot find symbol
[ERROR]   symbol:   method setSalon(com.salon.entity.Salon)
[ERROR]   location: variable booking of type com.salon.entity.Booking
[ERROR] /D:/projects/salon-saas-backend-1/src/main/java/com/salon/service/ProductService.java:[39,16] cannot find symbol
[ERROR]   symbol:   method setSalon(com.salon.entity.Salon)
[ERROR]   location: variable product of type com.salon.entity.Product
[ERROR] /D:/projects/salon-saas-backend-1/src/main/java/com/salon/service/ProductService.java:[58,17] cannot find symbol
[ERROR]   symbol:   method findBySalon_IdAndActiveTrue(java.lang.Long,org.springframework.data.domain.Pageable)
[ERROR]   location: variable productRepository of type com.salon.repository.ProductRepository
[ERROR] /D:/projects/salon-saas-backend-1/src/main/java/com/salon/service/ProductService.java:[72,44] cannot find symbol
[ERROR]   symbol:   method findByIdAndSalon_Id(java.lang.Long,java.lang.Long)
[ERROR]   location: variable productRepository of type com.salon.repository.ProductRepository
[ERROR] /D:/projects/salon-saas-backend-1/src/main/java/com/salon/service/BillingService.java:[59,16] cannot find symbol
[ERROR]   symbol:   method setSalon(com.salon.entity.Salon)
[ERROR]   location: variable invoice of type com.salon.entity.Invoice
[ERROR] /D:/projects/salon-saas-backend-1/src/main/java/com/salon/service/BillingService.java:[93,25] cannot find symbol
[ERROR]   symbol:   method findByIdAndSalonId(java.lang.Long,java.lang.Long)
[ERROR]   location: variable serviceRepository of type com.salon.repository.ServiceRepository
[ERROR] /D:/projects/salon-saas-backend-1/src/main/java/com/salon/service/BillingService.java:[104,25] cannot find symbol
[ERROR]   symbol:   method findByIdAndSalon_Id(java.lang.Long,java.lang.Long)
[ERROR]   location: variable productRepository of type com.salon.repository.ProductRepository
[ERROR] /D:/projects/salon-saas-backend-1/src/main/java/com/salon/service/DashboardService.java:[80,50] incompatible types: java.lang.Long cannot be converted to java.lang.String
[ERROR] /D:/projects/salon-saas-backend-1/src/main/java/com/salon/controller/AuthController.java:[66,22] cannot find symbol
[ERROR]   symbol:   method getSalon()
[ERROR]   location: variable admin of type com.salon.entity.User
[ERROR] /D:/projects/salon-saas-backend-1/src/main/java/com/salon/controller/AuthController.java:[93,25] cannot find symbol
[ERROR]   symbol:   method getSalon()
[ERROR]   location: variable customer of type com.salon.entity.User
[ERROR] /D:/projects/salon-saas-backend-1/src/main/java/com/salon/controller/AuthController.java:[151,21] cannot find symbol
[ERROR]   symbol:   method getSalon()
[ERROR]   location: variable user of type com.salon.entity.User
[ERROR] /D:/projects/salon-saas-backend-1/src/main/java/com/salon/controller/AuthController.java:[151,48] cannot find symbol
[ERROR]   symbol:   method getSalon()
[ERROR]   location: variable user of type com.salon.entity.User
[ERROR] /D:/projects/salon-saas-backend-1/src/main/java/com/salon/controller/AuthController.java:[161,32] cannot find symbol
[ERROR]   symbol:   method getSalon()
[ERROR]   location: variable user of type com.salon.entity.User
[ERROR] /D:/projects/salon-saas-backend-1/src/main/java/com/salon/controller/AuthController.java:[161,58] cannot find symbol
[ERROR]   symbol:   method getSalon()
[ERROR]   location: variable user of type com.salon.entity.User
[ERROR] /D:/projects/salon-saas-backend-1/src/main/java/com/salon/service/BotService.java:[86,25] cannot find symbol
[ERROR]   symbol:   method findBySalon_IdAndActiveTrue(java.lang.Long)
[ERROR]   location: variable productRepository of type com.salon.repository.ProductRepository
[ERROR] /D:/projects/salon-saas-backend-1/src/main/java/com/salon/controller/CustomerController.java:[72,33] cannot find symbol
[ERROR]   symbol:   method getSalon()
[ERROR]   location: variable customer of type com.salon.entity.User
[ERROR] /D:/projects/salon-saas-backend-1/src/main/java/com/salon/controller/PaymentController.java:[92,12] cannot find symbol
[ERROR]   symbol:   method setSalon(com.salon.entity.Salon)
[ERROR]   location: variable sub of type com.salon.entity.SalonSubscription
[ERROR] /D:/projects/salon-saas-backend-1/src/main/java/com/salon/controller/SuperAdminController.java:[44,23] cannot find symbol
[ERROR]   symbol:   method approveAdminsBySalon(com.salon.entity.Salon)
[ERROR]   location: variable userRepository of type com.salon.repository.UserRepository
[ERROR] -> [Help 1]
[ERROR] 
[ERROR] To see the full stack trace of the errors, re-run Maven with the -e switch.
[ERROR] Re-run Maven using the -X switch to enable full debug logging.
[ERROR] 
[ERROR] For more information about the errors and possible solutions, please read the following articles:
[ERROR] [Help 1] http://cwiki.apache.org/confluence/display/MAVEN/MojoFailureException
